SQL> 
SQL> --student id: 34280332
SQL> --student name: Cheng Mun Chee
SQL> 
SQL> 
SQL> -- Generated by Oracle SQL Developer Data Modeler 24.3.1.351.0831
SQL> --   at:        2025-05-01 19:26:04 MYT
SQL> --   site:      Oracle Database 12c
SQL> --   type:      Oracle Database 12c
SQL> 
SQL> 
SQL> 
SQL> DROP TABLE BOOKING CASCADE CONSTRAINTS 
  2  ;

Table BOOKING dropped.

SQL> 
SQL> DROP TABLE CABIN CASCADE CONSTRAINTS 
  2  ;

Table CABIN dropped.

SQL> 
SQL> DROP TABLE COUNTRY CASCADE CONSTRAINTS 
  2  ;

Table COUNTRY dropped.

SQL> 
SQL> DROP TABLE CRUISE CASCADE CONSTRAINTS 
  2  ;

Table CRUISE dropped.

SQL> 
SQL> DROP TABLE CRUISE_PORT CASCADE CONSTRAINTS 
  2  ;

Table CRUISE_PORT dropped.

SQL> 
SQL> DROP TABLE OPERATOR CASCADE CONSTRAINTS 
  2  ;

Table OPERATOR dropped.

SQL> 
SQL> DROP TABLE PASSENGER CASCADE CONSTRAINTS 
  2  ;

Table PASSENGER dropped.

SQL> 
SQL> DROP TABLE PORT CASCADE CONSTRAINTS 
  2  ;

Table PORT dropped.

SQL> 
SQL> DROP TABLE SHIP CASCADE CONSTRAINTS 
  2  ;

Table SHIP dropped.

SQL> 
SQL> -- predefined type, no DDL - MDSYS.SDO_GEOMETRY
SQL> 
SQL> -- predefined type, no DDL - XMLTYPE
SQL> 
SQL> CREATE TABLE BOOKING 
  2      ( 
  3       booking_bordate DATE  NOT NULL , 
  4       pas_id          NUMBER (7)  NOT NULL , 
  5       cabin_no        NUMBER (7)  NOT NULL , 
  6       ship_code       NUMBER (7)  NOT NULL , 
  7       cruise_id       NUMBER (7)  NOT NULL , 
  8       booking_no      NUMBER (7)  NOT NULL 
  9      ) 
 10  ;

Table BOOKING created.

SQL> 
SQL> COMMENT ON COLUMN BOOKING.booking_bordate IS 'Passenger Boarding date and time recorded in Booking' 
  2  ;

Comment created.

SQL> 
SQL> COMMENT ON COLUMN BOOKING.pas_id IS 'Passenger ID' 
  2  ;

Comment created.

SQL> 
SQL> COMMENT ON COLUMN BOOKING.cabin_no IS 'Cabin Number' 
  2  ;

Comment created.

SQL> 
SQL> COMMENT ON COLUMN BOOKING.ship_code IS 'Ship Code' 
  2  ;

Comment created.

SQL> 
SQL> COMMENT ON COLUMN BOOKING.cruise_id IS 'Cruise ID' 
  2  ;

Comment created.

SQL> 
SQL> COMMENT ON COLUMN BOOKING.booking_no IS 'Surrogate Key - Booking Number' 
  2  ;

Comment created.

SQL> 
SQL> ALTER TABLE BOOKING 
  2      ADD CONSTRAINT BOOKING_PK PRIMARY KEY ( booking_no ) ;

Table BOOKING altered.

SQL> 
SQL> ALTER TABLE BOOKING 
  2      ADD CONSTRAINT BOOKING_NK UNIQUE ( pas_id , cruise_id ) ;

Table BOOKING altered.

SQL> 
SQL> CREATE TABLE CABIN 
  2      ( 
  3       cabin_no       NUMBER (7)  NOT NULL , 
  4       cabin_class    CHAR (1)  NOT NULL , 
  5       cabin_capacity NUMBER (7)  NOT NULL , 
  6       ship_code      NUMBER (7)  NOT NULL 
  7      ) 
  8  ;

Table CABIN created.

SQL> 
SQL> ALTER TABLE CABIN 
  2      ADD CONSTRAINT chk_cabinclass 
  3      CHECK (cabin_class IN ('B', 'I', 'O', 'S')) 
  4  ;

Table CABIN altered.

SQL> 
SQL> COMMENT ON COLUMN CABIN.cabin_no IS 'Cabin Number' 
  2  ;

Comment created.

SQL> 
SQL> COMMENT ON COLUMN CABIN.cabin_class IS 'Cabin Class with constraint' 
  2  ;

Comment created.

SQL> 
SQL> COMMENT ON COLUMN CABIN.cabin_capacity IS 'Cabin Capacity' 
  2  ;

Comment created.

SQL> 
SQL> COMMENT ON COLUMN CABIN.ship_code IS 'Ship Code' 
  2  ;

Comment created.

SQL> 
SQL> ALTER TABLE CABIN 
  2      ADD CONSTRAINT CABIN_PK PRIMARY KEY ( cabin_no, ship_code ) ;

Table CABIN altered.

SQL> 
SQL> CREATE TABLE COUNTRY 
  2      ( 
  3       country_code NUMBER (7)  NOT NULL , 
  4       country_name VARCHAR2 (50)  NOT NULL 
  5      ) 
  6  ;

Table COUNTRY created.

SQL> 
SQL> COMMENT ON COLUMN COUNTRY.country_code IS 'Country Code' 
  2  ;

Comment created.

SQL> 
SQL> COMMENT ON COLUMN COUNTRY.country_name IS 'Country Name' 
  2  ;

Comment created.

SQL> 
SQL> ALTER TABLE COUNTRY 
  2      ADD CONSTRAINT COUNTRY_PK PRIMARY KEY ( country_code ) ;

Table COUNTRY altered.

SQL> 
SQL> CREATE TABLE CRUISE 
  2      ( 
  3       cruise_id      NUMBER (7)  NOT NULL , 
  4       cruise_name    VARCHAR2 (50)  NOT NULL , 
  5       cruise_desc    VARCHAR2 (50)  NOT NULL , 
  6       cruise_depdate DATE  NOT NULL , 
  7       ship_code      NUMBER (7)  NOT NULL , 
  8       cruise_cost    NUMBER (7)  NOT NULL 
  9      ) 
 10  ;

Table CRUISE created.

SQL> 
SQL> COMMENT ON COLUMN CRUISE.cruise_id IS 'Cruise ID' 
  2  ;

Comment created.

SQL> 
SQL> COMMENT ON COLUMN CRUISE.cruise_name IS 'Cruise Name' 
  2  ;

Comment created.

SQL> 
SQL> COMMENT ON COLUMN CRUISE.cruise_desc IS 'Cruise Description' 
  2  ;

Comment created.

SQL> 
SQL> COMMENT ON COLUMN CRUISE.cruise_depdate IS 'Cruise Departure Date and Time' 
  2  ;

Comment created.

SQL> 
SQL> COMMENT ON COLUMN CRUISE.ship_code IS 'Ship Code' 
  2  ;

Comment created.

SQL> 
SQL> COMMENT ON COLUMN CRUISE.cruise_cost IS 'Cruise Cost per Person' 
  2  ;

Comment created.

SQL> 
SQL> ALTER TABLE CRUISE 
  2      ADD CONSTRAINT CRUISE_PK PRIMARY KEY ( cruise_id ) ;

Table CRUISE altered.

SQL> 
SQL> CREATE TABLE CRUISE_PORT 
  2      ( 
  3       cruise_id      NUMBER (7)  NOT NULL , 
  4       port_code      NUMBER (7)  NOT NULL , 
  5       arr_dep_status VARCHAR2 (50)  NOT NULL , 
  6       date_and_time  DATE  NOT NULL 
  7      ) 
  8  ;

Table CRUISE_PORT created.

SQL> 
SQL> COMMENT ON COLUMN CRUISE_PORT.cruise_id IS 'Cruise ID' 
  2  ;

Comment created.

SQL> 
SQL> COMMENT ON COLUMN CRUISE_PORT.port_code IS 'Port Code' 
  2  ;

Comment created.

SQL> 
SQL> COMMENT ON COLUMN CRUISE_PORT.arr_dep_status IS 'Arrival or Departure status' 
  2  ;

Comment created.

SQL> 
SQL> COMMENT ON COLUMN CRUISE_PORT.date_and_time IS 'Date and Time of Arrival/Departure' 
  2  ;

Comment created.

SQL> 
SQL> ALTER TABLE CRUISE_PORT 
  2      ADD CONSTRAINT CRUISE_PORT_PK PRIMARY KEY ( cruise_id, date_and_time ) ;

Table CRUISE_PORT altered.

SQL> 
SQL> CREATE TABLE OPERATOR 
  2      ( 
  3       oper_id   NUMBER (7)  NOT NULL , 
  4       oper_name VARCHAR2 (50)  NOT NULL , 
  5       oper_ceo  VARCHAR2 (50)  NOT NULL 
  6      ) 
  7  ;

Table OPERATOR created.

SQL> 
SQL> COMMENT ON COLUMN OPERATOR.oper_id IS 'Operator ID' 
  2  ;

Comment created.

SQL> 
SQL> COMMENT ON COLUMN OPERATOR.oper_name IS 'Operator Name' 
  2  ;

Comment created.

SQL> 
SQL> COMMENT ON COLUMN OPERATOR.oper_ceo IS 'Name of operator''s Chief Executive Officer' 
  2  ;

Comment created.

SQL> 
SQL> ALTER TABLE OPERATOR 
  2      ADD CONSTRAINT OPERATOR_PK PRIMARY KEY ( oper_id ) ;

Table OPERATOR altered.

SQL> 
SQL> CREATE TABLE PASSENGER 
  2      ( 
  3       pas_id       NUMBER (7)  NOT NULL , 
  4       pas_fname    VARCHAR2 (50)  NOT NULL , 
  5       pas_lname    VARCHAR2 (50)  NOT NULL , 
  6       pas_gender   VARCHAR2 (50)  NOT NULL , 
  7       pas_dob      DATE  NOT NULL , 
  8       pas_street   VARCHAR2 (50)  NOT NULL , 
  9       pas_town     VARCHAR2 (50)  NOT NULL , 
 10       pas_postcode CHAR (10)  NOT NULL , 
 11       pas_country  VARCHAR2 (50)  NOT NULL , 
 12       pas_phone    CHAR (10)  NOT NULL , 
 13       pas_guardian NUMBER (7)  NOT NULL 
 14      ) 
 15  ;

Table PASSENGER created.

SQL> 
SQL> COMMENT ON COLUMN PASSENGER.pas_id IS 'Passenger ID' 
  2  ;

Comment created.

SQL> 
SQL> COMMENT ON COLUMN PASSENGER.pas_fname IS 'Passenger First Name' 
  2  ;

Comment created.

SQL> 
SQL> COMMENT ON COLUMN PASSENGER.pas_lname IS 'Passenger Last Name' 
  2  ;

Comment created.

SQL> 
SQL> COMMENT ON COLUMN PASSENGER.pas_gender IS 'Passenger Gender' 
  2  ;

Comment created.

SQL> 
SQL> COMMENT ON COLUMN PASSENGER.pas_dob IS 'Passenger Date of Birth' 
  2  ;

Comment created.

SQL> 
SQL> COMMENT ON COLUMN PASSENGER.pas_street IS 'Passenger Street' 
  2  ;

Comment created.

SQL> 
SQL> COMMENT ON COLUMN PASSENGER.pas_town IS 'Passenger Town' 
  2  ;

Comment created.

SQL> 
SQL> COMMENT ON COLUMN PASSENGER.pas_postcode IS 'Passenger Postcode' 
  2  ;

Comment created.

SQL> 
SQL> COMMENT ON COLUMN PASSENGER.pas_country IS 'Passenger Country' 
  2  ;

Comment created.

SQL> 
SQL> COMMENT ON COLUMN PASSENGER.pas_guardian IS 'Passenger ID' 
  2  ;

Comment created.

SQL> 
SQL> ALTER TABLE PASSENGER 
  2      ADD CONSTRAINT PASSENGER_PK PRIMARY KEY ( pas_id ) ;

Table PASSENGER altered.

SQL> 
SQL> CREATE TABLE PORT 
  2      ( 
  3       port_code    NUMBER (7)  NOT NULL , 
  4       port_name    VARCHAR2 (50)  NOT NULL , 
  5       port_ltd     NUMBER (7)  NOT NULL , 
  6       port_lgd     NUMBER (7)  NOT NULL , 
  7       country_code NUMBER (7)  NOT NULL 
  8      ) 
  9  ;

Table PORT created.

SQL> 
SQL> COMMENT ON COLUMN PORT.port_code IS 'Port Code' 
  2  ;

Comment created.

SQL> 
SQL> COMMENT ON COLUMN PORT.port_name IS 'Port Name' 
  2  ;

Comment created.

SQL> 
SQL> COMMENT ON COLUMN PORT.port_ltd IS 'Port Latitude' 
  2  ;

Comment created.

SQL> 
SQL> COMMENT ON COLUMN PORT.port_lgd IS 'Port Longitude' 
  2  ;

Comment created.

SQL> 
SQL> COMMENT ON COLUMN PORT.country_code IS 'Country Code' 
  2  ;

Comment created.

SQL> 
SQL> ALTER TABLE PORT 
  2      ADD CONSTRAINT PORT_PK PRIMARY KEY ( port_code ) ;

Table PORT altered.

SQL> 
SQL> CREATE TABLE SHIP 
  2      ( 
  3       ship_code     NUMBER (7)  NOT NULL , 
  4       ship_name     VARCHAR2 (50)  NOT NULL , 
  5       ship_comdate  DATE  NOT NULL , 
  6       ship_tonnage  NUMBER (7)  NOT NULL , 
  7       ship_capacity NUMBER (7)  NOT NULL , 
  8       ship_country  VARCHAR2 (50)  NOT NULL , 
  9       oper_id       NUMBER (7)  NOT NULL 
 10      ) 
 11  ;

Table SHIP created.

SQL> 
SQL> COMMENT ON COLUMN SHIP.ship_code IS 'Ship Code' 
  2  ;

Comment created.

SQL> 
SQL> COMMENT ON COLUMN SHIP.ship_name IS 'Ship Name' 
  2  ;

Comment created.

SQL> 
SQL> COMMENT ON COLUMN SHIP.ship_comdate IS 'date of ship commisioned' 
  2  ;

Comment created.

SQL> 
SQL> COMMENT ON COLUMN SHIP.ship_tonnage IS 'Ship Tonnage' 
  2  ;

Comment created.

SQL> 
SQL> COMMENT ON COLUMN SHIP.ship_capacity IS 'Ship Guest Capacity' 
  2  ;

Comment created.

SQL> 
SQL> COMMENT ON COLUMN SHIP.ship_country IS 'Ship Country' 
  2  ;

Comment created.

SQL> 
SQL> COMMENT ON COLUMN SHIP.oper_id IS 'Operator ID' 
  2  ;

Comment created.

SQL> 
SQL> ALTER TABLE SHIP 
  2      ADD CONSTRAINT OPERATOR_PKv1 PRIMARY KEY ( ship_code ) ;

Table SHIP altered.

SQL> 
SQL> ALTER TABLE BOOKING 
  2      ADD CONSTRAINT cabin_booking_fk FOREIGN KEY 
  3      ( 
  4       cabin_no,
  5       ship_code
  6      ) 
  7      REFERENCES CABIN 
  8      ( 
  9       cabin_no,
 10       ship_code
 11      ) 
 12  ;

Table BOOKING altered.

SQL> 
SQL> ALTER TABLE PORT 
  2      ADD CONSTRAINT country_port_fk FOREIGN KEY 
  3      ( 
  4       country_code
  5      ) 
  6      REFERENCES COUNTRY 
  7      ( 
  8       country_code
  9      ) 
 10  ;

Table PORT altered.

SQL> 
SQL> ALTER TABLE BOOKING 
  2      ADD CONSTRAINT cruise_booking_fk FOREIGN KEY 
  3      ( 
  4       cruise_id
  5      ) 
  6      REFERENCES CRUISE 
  7      ( 
  8       cruise_id
  9      ) 
 10  ;

Table BOOKING altered.

SQL> 
SQL> ALTER TABLE CRUISE_PORT 
  2      ADD CONSTRAINT cruise_cruise_port_fk FOREIGN KEY 
  3      ( 
  4       cruise_id
  5      ) 
  6      REFERENCES CRUISE 
  7      ( 
  8       cruise_id
  9      ) 
 10  ;

Table CRUISE_PORT altered.

SQL> 
SQL> ALTER TABLE SHIP 
  2      ADD CONSTRAINT operator_ship_fk FOREIGN KEY 
  3      ( 
  4       oper_id
  5      ) 
  6      REFERENCES OPERATOR 
  7      ( 
  8       oper_id
  9      ) 
 10  ;

Table SHIP altered.

SQL> 
SQL> ALTER TABLE BOOKING 
  2      ADD CONSTRAINT passenger_booking_fk FOREIGN KEY 
  3      ( 
  4       pas_id
  5      ) 
  6      REFERENCES PASSENGER 
  7      ( 
  8       pas_id
  9      ) 
 10  ;

Table BOOKING altered.

SQL> 
SQL> ALTER TABLE PASSENGER 
  2      ADD CONSTRAINT passenger_guardian_child FOREIGN KEY 
  3      ( 
  4       pas_guardian
  5      ) 
  6      REFERENCES PASSENGER 
  7      ( 
  8       pas_id
  9      ) 
 10  ;

Table PASSENGER altered.

SQL> 
SQL> ALTER TABLE CRUISE_PORT 
  2      ADD CONSTRAINT port_cruise_port_fk FOREIGN KEY 
  3      ( 
  4       port_code
  5      ) 
  6      REFERENCES PORT 
  7      ( 
  8       port_code
  9      ) 
 10  ;

Table CRUISE_PORT altered.

SQL> 
SQL> ALTER TABLE CABIN 
  2      ADD CONSTRAINT ship_cabin_fk FOREIGN KEY 
  3      ( 
  4       ship_code
  5      ) 
  6      REFERENCES SHIP 
  7      ( 
  8       ship_code
  9      ) 
 10  ;

Table CABIN altered.

SQL> 
SQL> ALTER TABLE CRUISE 
  2      ADD CONSTRAINT ship_cruise_fk FOREIGN KEY 
  3      ( 
  4       ship_code
  5      ) 
  6      REFERENCES SHIP 
  7      ( 
  8       ship_code
  9      ) 
 10  ;

Table CRUISE altered.

SQL> 
SQL> 
SQL> 
SQL> -- Oracle SQL Developer Data Modeler Summary Report: 
SQL> -- 
SQL> -- CREATE TABLE                             9
SQL> -- CREATE INDEX                             0
SQL> -- ALTER TABLE                             21
SQL> -- CREATE VIEW                              0
SQL> -- ALTER VIEW                               0
SQL> -- CREATE PACKAGE                           0
SQL> -- CREATE PACKAGE BODY                      0
SQL> -- CREATE PROCEDURE                         0
SQL> -- CREATE FUNCTION                          0
SQL> -- CREATE TRIGGER                           0
SQL> -- ALTER TRIGGER                            0
SQL> -- CREATE COLLECTION TYPE                   0
SQL> -- CREATE STRUCTURED TYPE                   0
SQL> -- CREATE STRUCTURED TYPE BODY              0
SQL> -- CREATE CLUSTER                           0
SQL> -- CREATE CONTEXT                           0
SQL> -- CREATE DATABASE                          0
SQL> -- CREATE DIMENSION                         0
SQL> -- CREATE DIRECTORY                         0
SQL> -- CREATE DISK GROUP                        0
SQL> -- CREATE ROLE                              0
SQL> -- CREATE ROLLBACK SEGMENT                  0
SQL> -- CREATE SEQUENCE                          0
SQL> -- CREATE MATERIALIZED VIEW                 0
SQL> -- CREATE MATERIALIZED VIEW LOG             0
SQL> -- CREATE SYNONYM                           0
SQL> -- CREATE TABLESPACE                        0
SQL> -- CREATE USER                              0
SQL> -- 
SQL> -- DROP TABLESPACE                          0
SQL> -- DROP DATABASE                            0
SQL> -- 
SQL> -- REDACTION POLICY                         0
SQL> -- TSDP POLICY                              0
SQL> -- 
SQL> -- ORDS DROP SCHEMA                         0
SQL> -- ORDS ENABLE SCHEMA                       0
SQL> -- ORDS ENABLE OBJECT                       0
SQL> -- 
SQL> -- ERRORS                                   0
SQL> -- WARNINGS                                 0
SQL> 
SQL> SPOOL off
